

================================================================
== Synthesis Summary Report of 'activity_kernel'
================================================================
+ General Information: 
    * Date:           Thu Apr 15 23:38:08 2021
    * Version:        2020.2 (Build 3064766 on Wed Nov 18 09:12:47 MST 2020)
    * Project:        activity_hls
    * Solution:       solution1 (Vivado IP Flow Target)
    * Product family: zynq
    * Target device:  xc7z100i-ffv900-2L
    

+ Performance & Resource Estimates: 
    
    PS: '+' for module; 'o' for loop; '*' for dataflow
    +--------------------+------+--------+---------+--------+----------+---------+------+----------+------+---------+------------+-----------+-----+
    |       Modules      | Issue|        | Latency | Latency| Iteration|         | Trip |          |      |         |            |           |     |
    |       & Loops      | Type |  Slack | (cycles)|  (ns)  |  Latency | Interval| Count| Pipelined| BRAM |   DSP   |     FF     |    LUT    | URAM|
    +--------------------+------+--------+---------+--------+----------+---------+------+----------+------+---------+------------+-----------+-----+
    |+ activity_kernel   |     -|   -0.03|        -|       -|         -|        -|     -|        no|     -|  28 (1%)|  3090 (~0%)|  6783 (2%)|    -|
    | o VITIS_LOOP_11_1  |     -|  -60.00|        -|       -|         3|        1|     -|       yes|     -|        -|           -|          -|    -|
    | o VITIS_LOOP_15_2  |     -|  -60.00|        -|       -|         2|        1|     -|       yes|     -|        -|           -|          -|    -|
    | o VITIS_LOOP_28_3  |     -|  -60.00|        -|       -|         3|        1|     -|       yes|     -|        -|           -|          -|    -|
    +--------------------+------+--------+---------+--------+----------+---------+------+----------+------+---------+------------+-----------+-----+

