

================================================================
== Synthesis Summary Report of 'rijndaelDecrypt_hls'
================================================================
+ General Information: 
    * Date:           Fri Apr 30 15:16:46 2021
    * Version:        2020.2 (Build 3064766 on Wed Nov 18 09:12:47 MST 2020)
    * Project:        aes_decrypt
    * Solution:       solution1 (Vivado IP Flow Target)
    * Product family: zynquplus
    * Target device:  xczu9eg-ffvb1156-2-e
    

+ Performance & Resource Estimates: 
    
    PS: '+' for module; 'o' for loop; '*' for dataflow
    +-----------------------+--------+-------+---------+---------+----------+---------+------+----------+----------+----+------------+------------+-----+
    |        Modules        |  Issue |       | Latency | Latency | Iteration|         | Trip |          |          |    |            |            |     |
    |        & Loops        |  Type  | Slack | (cycles)|   (ns)  |  Latency | Interval| Count| Pipelined|   BRAM   | DSP|     FF     |     LUT    | URAM|
    +-----------------------+--------+-------+---------+---------+----------+---------+------+----------+----------+----+------------+------------+-----+
    |+ rijndaelDecrypt_hls  |  Timing|   0.63|      183|  382.470|         -|      184|     -|        no|  15 (~0%)|   -|  2831 (~0%)|  15083 (5%)|    -|
    | + grp_rotr_fu_2177    |       -|  -0.07|        2|    4.180|         -|        2|     -|        no|         -|   -|    40 (~0%)|   261 (~0%)|    -|
    | + grp_rotr_fu_2184    |       -|  -0.07|        2|    4.180|         -|        2|     -|        no|         -|   -|    40 (~0%)|   261 (~0%)|    -|
    | + grp_rotr_fu_2191    |       -|  -0.07|        2|    4.180|         -|        2|     -|        no|         -|   -|    40 (~0%)|   261 (~0%)|    -|
    +-----------------------+--------+-------+---------+---------+----------+---------+------+----------+----------+----+------------+------------+-----+

